[objects]
{

    "a0000000-0000-0000-0000-000000000001,00000000-0000-0000-0000-000000000001": { "a": 2 },
    "a0000000-0000-0000-0000-000000000002,00000000-0000-0000-0000-000000000002": { "b": 42 },
    "a0000000-0000-0000-0000-000000000002,00000000-0000-0000-0000-000000000003": { "b": 42 }
}

[edges]
[
  {
    "objects": [
      {
        "relation_id": "b0000000-0000-0000-0000-000000000001",
        "object_id": "00000000-0000-0000-0000-000000000001",
        "children": [
          "00000000-0000-0000-0000-000000000002",
          "00000000-0000-0000-0000-000000000003"
        ],
        "subtrees": [],
        "relation": {
          "parent_schema_id": "a0000000-0000-0000-0000-000000000001",
          "child_schema_id": "a0000000-0000-0000-0000-000000000002"
        }
      }
    ]
  }
]

[view]
{
  "id": "00000000-0000-0000-0000-000000000001",
  "name": "Sample View",
  "base_schema_id": "00000000-0000-0000-0000-000000000001",
  "materializer_options": {},
  "materializer_address": "",
  "fields": {
    "foo": {
      "array": {
        "base": 1,
        "fields": {
          "bar": {
            "simple": {
              "field_name": "b",
              "field_type": "numeric"
            }
          }
        }
      }
    }
  },
  "relations": [
    {
      "global_id": "b0000000-0000-0000-0000-000000000001",
      "local_id": 1,
      "search_for": "Children"
    }
 ]
}

[expected.view_plan_build]
{
  "missing": {
    "a0000000-0000-0000-0000-000000000001,00000000-0000-0000-0000-000000000001": [
      0,
      1
    ],
    "a0000000-0000-0000-0000-000000000002,00000000-0000-0000-0000-000000000002": [
      0
    ],
    "a0000000-0000-0000-0000-000000000002,00000000-0000-0000-0000-000000000003": [
      1
    ]
  },
  "unfinished_rows": [
    {
      "fields": {
        "foo": {
          "array": {
            "fields": {
              "bar": {
                "simple": {
                  "field_name": "b",
                  "field_type": "Numeric",
                  "object": "a0000000-0000-0000-0000-000000000002,00000000-0000-0000-0000-000000000002"
                }
              }
            }
          }
        }
      },
      "missing": 2,
      "objects": {},
      "root_object": "a0000000-0000-0000-0000-000000000001,00000000-0000-0000-0000-000000000001"
    },
    {
      "fields": {
        "foo": {
          "array": {
            "fields": {
              "bar": {
                "simple": {
                  "field_name": "b",
                  "field_type": "Numeric",
                  "object": "a0000000-0000-0000-0000-000000000002,00000000-0000-0000-0000-000000000003"
                }
              }
            }
          }
        }
      },
      "missing": 2,
      "objects": {},
      "root_object": "a0000000-0000-0000-0000-000000000001,00000000-0000-0000-0000-000000000001"
    }
  ]
}

[expected.builded_rows]
[
  {
    "fields": {
      "foo": {
        "bar": 42
      }
    },
    "object_ids": [
      "00000000-0000-0000-0000-000000000001",
      "00000000-0000-0000-0000-000000000002"
    ]
  },
  {
    "fields": {
      "foo": {
        "bar": 42
      }
    },
    "object_ids": [
      "00000000-0000-0000-0000-000000000001",
      "00000000-0000-0000-0000-000000000003"
    ]
  }
]

[end]
