[objects]
{

    "a0000000-0000-0000-0000-000000000001,00000000-0000-0000-0000-000000000001": { "a": 2 },
    "a0000000-0000-0000-0000-000000000002,00000000-0000-0000-0000-000000000002": { "b": 42 },
    "a0000000-0000-0000-0000-000000000002,00000000-0000-0000-0000-000000000003": { "b": 2 }
}

[computation]
{
  "Equals": {
    "lhs": {
      "FieldValue": {
        "object": "a0000000-0000-0000-0000-000000000001,00000000-0000-0000-0000-000000000001",
        "field_path": "a"
      }
    },
    "rhs": {
      "FieldValue": {
        "object": "a0000000-0000-0000-0000-000000000002,00000000-0000-0000-0000-000000000003",
        "field_path": "b"
      }
    }
  }
}


[expected.computation]
true

[end]
