[objects]
{
    "00000000-0000-0000-0000-000000000001,00000000-0000-0000-0000-000000000001": {"a": 58},
    "00000000-0000-0000-0000-000000000002,00000000-0000-0000-0000-000000000002": { "b": 42 }
}

[computation]
{
  "FieldValue": {
    "object": "00000000-0000-0000-0000-000000000002,00000000-0000-0000-0000-000000000002",
    "field_path": "b"
  }
}

[expected.computation]
42

