[objects]
{
    "00000000-0000-0000-0000-000000000001,00000000-0000-0000-0000-000000000001": { "a": 58 },
    "00000000-0000-0000-0000-000000000002,00000000-0000-0000-0000-000000000002": { "b": 42 }
}

[computation]
{
  "RawValue": {
  "value": "abcd"
  }
}

[edges]
{
  "1": {
    "objects": [
      {
        "relation_id": "b0000000-0000-0000-0000-000000000001",
        "object_id": "00000000-0000-0000-0000-000000000001",
        "children": [
          "00000000-0000-0000-0000-000000000002"
        ],
        "subtrees": [],
        "relation": {
          "parent_schema_id": "a0000000-0000-0000-0000-000000000001",
          "child_schema_id": "a0000000-0000-0000-0000-000000000002"
        }
      }
    ]
  }
}

[view]
{
  "id": "00000000-0000-0000-0000-000000000001",
  "name": "Sample View",
  "base_schema_id": "00000000-0000-0000-0000-000000000001",
  "materializer_options": {},
  "materializer_address": "",
  "fields": {
    "foo": {
      "computed": {
        "computation": {
          "RawValue": {
            "value": "abcd"
          }
        },
        "field_type": "numeric"
      }
    }
  },
  "relations": [
    {
      "global_id": "b0000000-0000-0000-0000-000000000001",
      "local_id": 1,
      "search_for": "Children"
    }
 ]
}


[expected.computation]
"abcd"

[expected.view_plan_build]
{
  "missing": {
    "a0000000-0000-0000-0000-000000000001,00000000-0000-0000-0000-000000000001": [
      0
    ]
  },
  "unfinished_rows": [
    {
      "fields": {
        "foo": {
          "Computed": {
            "computation": {
              "RawValue": {
                "value": "abcd"
              }
            },
            "field_type": "Numeric"
          }
        }
      },
      "missing": 1,
      "objects": {},
      "root_object": "a0000000-0000-0000-0000-000000000001,00000000-0000-0000-0000-000000000001"
    }
  ]
}

[end]
